// Jest Snapshot v1, https://goo.gl/fbAQLP

exports[`@App renders the app 1`] = `
<DocumentFragment>
  <section
    class="App__Wrapper-ilpe0d-0 cldPfB"
  >
    <h1
      class="App__Title-ilpe0d-1 cNfSRS"
    >
      Hello from React and the environment is undefined
    </h1>
    <pre>
      {
  "books": [
    {
      "id": 1,
      "title": "HarryPotter"
    }
  ]
}
    </pre>
    <button
      class="App__Button-ilpe0d-2 fMSavx"
      type="button"
    >
      Update
    </button>
  </section>
</DocumentFragment>
`;
