// Jest Snapshot v1, https://goo.gl/fbAQLP

exports[`@App renders the app 1`] = `
<DocumentFragment>
  <div>
    <h1>
      Hello from React and the environment is undefined
    </h1>
    <pre>
      {
  "books": [
    {
      "id": "1",
      "title": "HarryPotter"
    }
  ]
}
    </pre>
    <button
      type="button"
    >
      Update
    </button>
  </div>
</DocumentFragment>
`;
