// Jest Snapshot v1, https://goo.gl/fbAQLP

exports[`@App renders the app 1`] = `
<DocumentFragment>
  <section
    class="App__Wrapper-ilpe0d-0 iIXJHI"
  >
    <h1
      class="App__Title-ilpe0d-1 cgjlNX"
    >
      Welcome to the Parcel js, Apollo and GraphQL boilerplate. The env is undefined.
    </h1>
    <div>
      <div
        class="App__BookSections-ilpe0d-2 doTNfh"
      >
        <p>
          HarryPotter
        </p>
      </div>
    </div>
    <button
      class="App__Button-ilpe0d-3 czpDLN"
      type="button"
    >
      Update
    </button>
  </section>
</DocumentFragment>
`;
